// Jest Snapshot v1, https://goo.gl/fbAQLP

exports[`MainVideo component should match a snapshot 1`] = `
<div
  className="MuiPaper-root MuiPaper-elevation1 MuiCard-root MuiPaper-rounded"
>
  <div
    className="MainVideo-container-1"
  >
    <iframe
      allowFullScreen={true}
      className="MainVideo-iframe-2"
      src="https://www.youtube.com/embed/GHJ6899GHR"
      title="test-title-83893HG"
    />
  </div>
  <div
    className="MuiCardContent-root"
  >
    <h2
      className="MuiTypography-root MuiTypography-h5 MuiTypography-gutterBottom"
    >
      test-title-83893HG
    </h2>
    <h2
      className="MuiTypography-root MuiTypography-subtitle2 MuiTypography-gutterBottom"
      test-data="videoDate"
    >
      Dec 10 2018
    </h2>
    <p
      className="MuiTypography-root MuiTypography-body2 MuiTypography-colorTextSecondary"
    >
      test-description-JGH7688
    </p>
  </div>
</div>
`;
